node.exe : npm warn Unknown project config "strict-peer-dependencies". This 
will stop working in the next major version of npm.
At line:1 char:1
+ & "C:\Program Files\nodejs/node.exe" "C:\Program Files\nodejs/node_mo ...
+ ~~~~~~~~~~~~~~~~~~~~~~~~~~~~~~~~~~~~~~~~~~~~~~~~~~~~~~~~~~~~~~~~~~~~~
    + CategoryInfo          : NotSpecified: (npm warn Unknow...version of npm. 
   :String) [], RemoteException
    + FullyQualifiedErrorId : NativeCommandError
 
npm warn Unknown project config "workspaces-strict". This will stop working in 
the next major version of npm.
[1A[2K[2m[WebServer] [22mnpm warn Unknown env config 
"strict-peer-dependencies". This will stop working in the next major version 
of npm.

[1A[2K[2m[WebServer] [22mnpm warn Unknown env config "workspaces-strict". 
This will stop working in the next major version of npm.
[2m[WebServer] [22mnpm warn Unknown project config 
"strict-peer-dependencies". This will stop working in the next major version 
of npm.
[2m[WebServer] [22mnpm warn Unknown project config "workspaces-strict". This 
will stop working in the next major version of npm.


Running 4 tests using 4 workers

[1A[2K[1/4] [chromium] ΓÇ║ e2e\auth.spec.ts:64:7 ΓÇ║ Authentication Flow ΓÇ║ should persist session on page refresh
[1A[2K[2/4] [chromium] ΓÇ║ e2e\auth.spec.ts:9:7 ΓÇ║ Authentication Flow ΓÇ║ should login successfully with valid credentials
[1A[2K[3/4] [chromium] ΓÇ║ e2e\auth.spec.ts:41:7 ΓÇ║ Authentication Flow ΓÇ║ should logout successfully
[1A[2K[4/4] [chromium] ΓÇ║ e2e\auth.spec.ts:27:7 ΓÇ║ Authentication Flow ΓÇ║ should show error with invalid credentials
[1A[2K  1) [chromium] ΓÇ║ e2e\auth.spec.ts:41:7 ΓÇ║ Authentication Flow ΓÇ║ should logout successfully ΓöÇΓöÇΓöÇΓöÇΓöÇΓöÇΓöÇΓöÇΓöÇ

    [31mTest timeout of 30000ms exceeded.[39m

    Error: page.waitForURL: Test timeout of 30000ms exceeded.
    =========================== logs ===========================
    waiting for navigation until "load"
    ============================================================

      45 |     await page.fill('input[type="password"]', TEST_USER.password);
      46 |     await page.click('button:has-text("Sign in")');
    > 47 |     await page.waitForURL(/\/(portal)?$/, { timeout: 30000 });
         |                ^
      48 |
      49 |     // Logout via settings menu or dropdown
      50 |     const menuButton = page.locator('button[aria-label*="menu"], button[aria-label*="Settings"]').first();
        at C:\Users\Anant Shukla\OneDrive\LeadFlowPro\e2e\auth.spec.ts:47:16

    attachment #1: screenshot (image/png) ΓöÇΓöÇΓöÇΓöÇΓöÇΓöÇΓöÇΓöÇΓöÇΓöÇΓöÇΓöÇΓöÇΓöÇΓöÇΓöÇΓöÇΓöÇΓöÇΓöÇΓöÇΓöÇΓöÇΓöÇΓöÇΓöÇΓöÇΓöÇΓöÇΓöÇΓöÇΓöÇΓöÇΓöÇΓöÇΓöÇΓöÇΓöÇΓöÇΓöÇΓöÇΓöÇΓöÇΓöÇΓöÇΓöÇΓöÇΓöÇΓöÇΓöÇΓöÇΓöÇΓöÇΓöÇΓöÇΓöÇΓöÇΓöÇ
    test-results\auth-Authentication-Flow-should-logout-successfully-chromium\test-failed-1.png
    ΓöÇΓöÇΓöÇΓöÇΓöÇΓöÇΓöÇΓöÇΓöÇΓöÇΓöÇΓöÇΓöÇΓöÇΓöÇΓöÇΓöÇΓöÇΓöÇΓöÇΓöÇΓöÇΓöÇΓöÇΓöÇΓöÇΓöÇΓöÇΓöÇΓöÇΓöÇΓöÇΓöÇΓöÇΓöÇΓöÇΓöÇΓöÇΓöÇΓöÇΓöÇΓöÇΓöÇΓöÇΓöÇΓöÇΓöÇΓöÇΓöÇΓöÇΓöÇΓöÇΓöÇΓöÇΓöÇΓöÇΓöÇΓöÇΓöÇΓöÇΓöÇΓöÇΓöÇΓöÇΓöÇΓöÇΓöÇΓöÇΓöÇΓöÇΓöÇΓöÇΓöÇΓöÇΓöÇΓöÇΓöÇΓöÇΓöÇΓöÇΓöÇΓöÇΓöÇΓöÇΓöÇΓöÇΓöÇΓöÇΓöÇΓöÇΓöÇΓöÇΓöÇΓöÇΓöÇΓöÇ

    Error Context: test-results\auth-Authentication-Flow-should-logout-successfully-chromium\error-context.md


[1A[2K  2) [chromium] ΓÇ║ e2e\auth.spec.ts:9:7 ΓÇ║ Authentication Flow ΓÇ║ should login successfully with valid credentials 

    [31mTest timeout of 30000ms exceeded.[39m

    Error: page.waitForURL: Test timeout of 30000ms exceeded.
    =========================== logs ===========================
    waiting for navigation until "load"
    ============================================================

      21 |
      22 |     // Should redirect to dashboard or portal
    > 23 |     await page.waitForURL(/\/(portal)?$/);
         |                ^
      24 |     await expect(page).not.toHaveURL('/login');
      25 |   });
      26 |
        at C:\Users\Anant Shukla\OneDrive\LeadFlowPro\e2e\auth.spec.ts:23:16

    attachment #1: screenshot (image/png) ΓöÇΓöÇΓöÇΓöÇΓöÇΓöÇΓöÇΓöÇΓöÇΓöÇΓöÇΓöÇΓöÇΓöÇΓöÇΓöÇΓöÇΓöÇΓöÇΓöÇΓöÇΓöÇΓöÇΓöÇΓöÇΓöÇΓöÇΓöÇΓöÇΓöÇΓöÇΓöÇΓöÇΓöÇΓöÇΓöÇΓöÇΓöÇΓöÇΓöÇΓöÇΓöÇΓöÇΓöÇΓöÇΓöÇΓöÇΓöÇΓöÇΓöÇΓöÇΓöÇΓöÇΓöÇΓöÇΓöÇΓöÇΓöÇ
    test-results\auth-Authentication-Flow-s-74377-ully-with-valid-credentials-chromium\test-failed-1.png
    ΓöÇΓöÇΓöÇΓöÇΓöÇΓöÇΓöÇΓöÇΓöÇΓöÇΓöÇΓöÇΓöÇΓöÇΓöÇΓöÇΓöÇΓöÇΓöÇΓöÇΓöÇΓöÇΓöÇΓöÇΓöÇΓöÇΓöÇΓöÇΓöÇΓöÇΓöÇΓöÇΓöÇΓöÇΓöÇΓöÇΓöÇΓöÇΓöÇΓöÇΓöÇΓöÇΓöÇΓöÇΓöÇΓöÇΓöÇΓöÇΓöÇΓöÇΓöÇΓöÇΓöÇΓöÇΓöÇΓöÇΓöÇΓöÇΓöÇΓöÇΓöÇΓöÇΓöÇΓöÇΓöÇΓöÇΓöÇΓöÇΓöÇΓöÇΓöÇΓöÇΓöÇΓöÇΓöÇΓöÇΓöÇΓöÇΓöÇΓöÇΓöÇΓöÇΓöÇΓöÇΓöÇΓöÇΓöÇΓöÇΓöÇΓöÇΓöÇΓöÇΓöÇΓöÇΓöÇΓöÇ

    Error Context: test-results\auth-Authentication-Flow-s-74377-ully-with-valid-credentials-chromium\error-context.md


[1A[2K  3) [chromium] ΓÇ║ e2e\auth.spec.ts:64:7 ΓÇ║ Authentication Flow ΓÇ║ should persist session on page refresh 

    [31mTest timeout of 30000ms exceeded.[39m

    Error: page.waitForURL: Test timeout of 30000ms exceeded.
    =========================== logs ===========================
    waiting for navigation until "load"
    ============================================================

      68 |     await page.fill('input[type="password"]', TEST_USER.password);
      69 |     await page.click('button:has-text("Sign in")');
    > 70 |     await page.waitForURL(/\/(portal)?$/, { timeout: 30000 });
         |                ^
      71 |
      72 |     // Refresh page
      73 |     await page.reload();
        at C:\Users\Anant Shukla\OneDrive\LeadFlowPro\e2e\auth.spec.ts:70:16

    attachment #1: screenshot (image/png) ΓöÇΓöÇΓöÇΓöÇΓöÇΓöÇΓöÇΓöÇΓöÇΓöÇΓöÇΓöÇΓöÇΓöÇΓöÇΓöÇΓöÇΓöÇΓöÇΓöÇΓöÇΓöÇΓöÇΓöÇΓöÇΓöÇΓöÇΓöÇΓöÇΓöÇΓöÇΓöÇΓöÇΓöÇΓöÇΓöÇΓöÇΓöÇΓöÇΓöÇΓöÇΓöÇΓöÇΓöÇΓöÇΓöÇΓöÇΓöÇΓöÇΓöÇΓöÇΓöÇΓöÇΓöÇΓöÇΓöÇΓöÇΓöÇ
    test-results\auth-Authentication-Flow-s-9cc0b-ist-session-on-page-refresh-chromium\test-failed-1.png
    ΓöÇΓöÇΓöÇΓöÇΓöÇΓöÇΓöÇΓöÇΓöÇΓöÇΓöÇΓöÇΓöÇΓöÇΓöÇΓöÇΓöÇΓöÇΓöÇΓöÇΓöÇΓöÇΓöÇΓöÇΓöÇΓöÇΓöÇΓöÇΓöÇΓöÇΓöÇΓöÇΓöÇΓöÇΓöÇΓöÇΓöÇΓöÇΓöÇΓöÇΓöÇΓöÇΓöÇΓöÇΓöÇΓöÇΓöÇΓöÇΓöÇΓöÇΓöÇΓöÇΓöÇΓöÇΓöÇΓöÇΓöÇΓöÇΓöÇΓöÇΓöÇΓöÇΓöÇΓöÇΓöÇΓöÇΓöÇΓöÇΓöÇΓöÇΓöÇΓöÇΓöÇΓöÇΓöÇΓöÇΓöÇΓöÇΓöÇΓöÇΓöÇΓöÇΓöÇΓöÇΓöÇΓöÇΓöÇΓöÇΓöÇΓöÇΓöÇΓöÇΓöÇΓöÇΓöÇΓöÇ

    Error Context: test-results\auth-Authentication-Flow-s-9cc0b-ist-session-on-page-refresh-chromium\error-context.md


[1A[2K  3 failed
    [chromium] ΓÇ║ e2e\auth.spec.ts:9:7 ΓÇ║ Authentication Flow ΓÇ║ should login successfully with valid credentials 
    [chromium] ΓÇ║ e2e\auth.spec.ts:41:7 ΓÇ║ Authentication Flow ΓÇ║ should logout successfully ΓöÇΓöÇΓöÇΓöÇΓöÇΓöÇΓöÇΓöÇΓöÇΓöÇ
    [chromium] ΓÇ║ e2e\auth.spec.ts:64:7 ΓÇ║ Authentication Flow ΓÇ║ should persist session on page refresh 
  1 passed (35.8s)

[36m  Serving HTML report at http://localhost:9323. Press Ctrl+C to quit.[39m
